--------------------------------------------------------------------------------------
Timing Analyzer Summary
--------------------------------------------------------------------------------------

Type           : Worst-case tsu
Slack          : N/A
Required Time  : None
Actual Time    : 3.820 ns
From           : Address[2]
To             : lpm_dff3:inst26|lpm_ff:lpm_ff_component|dffs[2]
From Clock     : --
To Clock       : clk
Failed Paths   : 0

Type           : Worst-case tco
Slack          : N/A
Required Time  : None
Actual Time    : 13.898 ns
From           : lpm_dff3:inst26|lpm_ff:lpm_ff_component|dffs[4]
To             : C[1]
From Clock     : clk
To Clock       : --
Failed Paths   : 0

Type           : Worst-case th
Slack          : N/A
Required Time  : None
Actual Time    : -0.413 ns
From           : cmd
To             : lpm_dff7:inst36|lpm_ff:lpm_ff_component|dffs[0]
From Clock     : --
To Clock       : clk
Failed Paths   : 0

Type           : Clock Setup: 'clk'
Slack          : N/A
Required Time  : None
Actual Time    : 157.16 MHz ( period = 6.363 ns )
From           : lpm_dff3:inst26|lpm_ff:lpm_ff_component|dffs[4]
To             : Best_Cache_4_way_LRU_element:inst87|lpm_dff0:inst11|lpm_ff:lpm_ff_component|dffs[4]
From Clock     : clk
To Clock       : clk
Failed Paths   : 0

Type           : Total number of failed paths
Slack          : 
Required Time  : 
Actual Time    : 
From           : 
To             : 
From Clock     : 
To Clock       : 
Failed Paths   : 0

--------------------------------------------------------------------------------------

