--------------------------------------------------------------------------------------
Timing Analyzer Summary
--------------------------------------------------------------------------------------

Type           : Worst-case tco
Slack          : N/A
Required Time  : None
Actual Time    : 7.844 ns
From           : Devices:inst|lpm_counter:inst1|cntr_utl:auto_generated|safe_q[0]
To             : Request1
From Clock     : clk
To Clock       : --
Failed Paths   : 0

Type           : Clock Setup: 'clk'
Slack          : N/A
Required Time  : None
Actual Time    : 447.03 MHz ( period = 2.237 ns )
From           : Devices:inst|lpm_counter:inst2|cntr_vtl:auto_generated|safe_q[0]
To             : Devices:inst|lpm_counter:inst2|cntr_vtl:auto_generated|safe_q[0]
From Clock     : clk
To Clock       : clk
Failed Paths   : 0

Type           : Total number of failed paths
Slack          : 
Required Time  : 
Actual Time    : 
From           : 
To             : 
From Clock     : 
To Clock       : 
Failed Paths   : 0

--------------------------------------------------------------------------------------

